// Vitest Snapshot v1

exports[`<AllProjects /> > renders correctly 1`] = `
<DocumentFragment>
  <div
    class="flex flex-col space-y-4"
  >
    <div
      class="relative w-full"
    >
      <svg
        class="relative w-full animate-pulse"
        fill="none"
        viewBox="0 0 1440 76"
        xmlns="http://www.w3.org/2000/svg"
      >
        <g
          clip-path="url(#clip0_2_76)"
        >
          <path
            d="M1440 0H0V76H1440V0Z"
            fill="black"
          />
          <path
            d="M44 58C55.0457 58 64 49.0457 64 38C64 26.9543 55.0457 18 44 18C32.9543 18 24 26.9543 24 38C24 49.0457 32.9543 58 44 58Z"
            fill="#171D44"
          />
          <path
            d="M174 26H88C81.3726 26 76 31.3726 76 38C76 44.6274 81.3726 50 88 50H174C180.627 50 186 44.6274 186 38C186 31.3726 180.627 26 174 26Z"
            fill="#171D44"
          />
          <path
            d="M1394 16H1311C1298.85 16 1289 25.8497 1289 38C1289 50.1503 1298.85 60 1311 60H1394C1406.15 60 1416 50.1503 1416 38C1416 25.8497 1406.15 16 1394 16Z"
            fill="#171D44"
          />
        </g>
        <defs>
          <clippath
            id="clip0_2_76"
          >
            <rect
              fill="white"
              height="76"
              width="1440"
            />
          </clippath>
        </defs>
      </svg>
    </div>
    <div
      class="relative w-full"
    >
      <svg
        class="relative w-full animate-pulse"
        fill="none"
        viewBox="0 0 816 144"
        xmlns="http://www.w3.org/2000/svg"
      >
        <g
          clip-path="url(#clip0_2_24)"
        >
          <mask
            height="144"
            id="mask0_2_24"
            maskUnits="userSpaceOnUse"
            width="816"
            x="0"
            y="0"
          >
            <path
              d="M800 0H16C7.16344 0 0 7.16344 0 16V128C0 136.837 7.16344 144 16 144H800C808.837 144 816 136.837 816 128V16C816 7.16344 808.837 0 800 0Z"
              fill="white"
            />
          </mask>
          <g
            mask="url(#mask0_2_24)"
          >
            <path
              d="M800 0H16C7.16344 0 0 7.16344 0 16V128C0 136.837 7.16344 144 16 144H800C808.837 144 816 136.837 816 128V16C816 7.16344 808.837 0 800 0Z"
              fill="#0E0D2E"
            />
            <path
              d="M60 22H36C28.268 22 22 28.268 22 36V60C22 67.732 28.268 74 36 74H60C67.732 74 74 67.732 74 60V36C74 28.268 67.732 22 60 22Z"
              fill="#171D44"
            />
            <path
              d="M60 22H36C28.268 22 22 28.268 22 36V60C22 67.732 28.268 74 36 74H60C67.732 74 74 67.732 74 60V36C74 28.268 67.732 22 60 22Z"
              stroke="#171D44"
              stroke-width="4"
            />
            <path
              d="M276 24H100C93.3726 24 88 29.3726 88 36C88 42.6274 93.3726 48 100 48H276C282.627 48 288 42.6274 288 36C288 29.3726 282.627 24 276 24Z"
              fill="#171D44"
            />
            <path
              d="M232 56H96C91.5817 56 88 59.5817 88 64C88 68.4183 91.5817 72 96 72H232C236.418 72 240 68.4183 240 64C240 59.5817 236.418 56 232 56Z"
              fill="#171D44"
            />
            <path
              d="M147 88H40C31.1634 88 24 95.1634 24 104C24 112.837 31.1634 120 40 120H147C155.837 120 163 112.837 163 104C163 95.1634 155.837 88 147 88Z"
              fill="#171D44"
            />
            <path
              d="M312 24V120"
              stroke="#171D44"
            />
            <path
              d="M784 28H344C339.582 28 336 31.5817 336 36C336 40.4183 339.582 44 344 44H784C788.418 44 792 40.4183 792 36C792 31.5817 788.418 28 784 28Z"
              fill="#171D44"
            />
            <path
              d="M545 52H344C339.582 52 336 55.5817 336 60C336 64.4183 339.582 68 344 68H545C549.418 68 553 64.4183 553 60C553 55.5817 549.418 52 545 52Z"
              fill="#171D44"
            />
            <path
              d="M427 92H348C341.373 92 336 97.3726 336 104C336 110.627 341.373 116 348 116H427C433.627 116 439 110.627 439 104C439 97.3726 433.627 92 427 92Z"
              fill="#171D44"
            />
            <path
              d="M538 92H459C452.373 92 447 97.3726 447 104C447 110.627 452.373 116 459 116H538C544.627 116 550 110.627 550 104C550 97.3726 544.627 92 538 92Z"
              fill="#171D44"
            />
            <path
              d="M649 92H570C563.373 92 558 97.3726 558 104C558 110.627 563.373 116 570 116H649C655.627 116 661 110.627 661 104C661 97.3726 655.627 92 649 92Z"
              fill="#171D44"
            />
          </g>
        </g>
        <defs>
          <clippath
            id="clip0_2_24"
          >
            <rect
              fill="white"
              height="144"
              width="816"
            />
          </clippath>
        </defs>
      </svg>
    </div>
    <div
      class="relative w-full"
    >
      <svg
        class="relative w-full animate-pulse"
        fill="none"
        viewBox="0 0 816 144"
        xmlns="http://www.w3.org/2000/svg"
      >
        <g
          clip-path="url(#clip0_2_24)"
        >
          <mask
            height="144"
            id="mask0_2_24"
            maskUnits="userSpaceOnUse"
            width="816"
            x="0"
            y="0"
          >
            <path
              d="M800 0H16C7.16344 0 0 7.16344 0 16V128C0 136.837 7.16344 144 16 144H800C808.837 144 816 136.837 816 128V16C816 7.16344 808.837 0 800 0Z"
              fill="white"
            />
          </mask>
          <g
            mask="url(#mask0_2_24)"
          >
            <path
              d="M800 0H16C7.16344 0 0 7.16344 0 16V128C0 136.837 7.16344 144 16 144H800C808.837 144 816 136.837 816 128V16C816 7.16344 808.837 0 800 0Z"
              fill="#0E0D2E"
            />
            <path
              d="M60 22H36C28.268 22 22 28.268 22 36V60C22 67.732 28.268 74 36 74H60C67.732 74 74 67.732 74 60V36C74 28.268 67.732 22 60 22Z"
              fill="#171D44"
            />
            <path
              d="M60 22H36C28.268 22 22 28.268 22 36V60C22 67.732 28.268 74 36 74H60C67.732 74 74 67.732 74 60V36C74 28.268 67.732 22 60 22Z"
              stroke="#171D44"
              stroke-width="4"
            />
            <path
              d="M276 24H100C93.3726 24 88 29.3726 88 36C88 42.6274 93.3726 48 100 48H276C282.627 48 288 42.6274 288 36C288 29.3726 282.627 24 276 24Z"
              fill="#171D44"
            />
            <path
              d="M232 56H96C91.5817 56 88 59.5817 88 64C88 68.4183 91.5817 72 96 72H232C236.418 72 240 68.4183 240 64C240 59.5817 236.418 56 232 56Z"
              fill="#171D44"
            />
            <path
              d="M147 88H40C31.1634 88 24 95.1634 24 104C24 112.837 31.1634 120 40 120H147C155.837 120 163 112.837 163 104C163 95.1634 155.837 88 147 88Z"
              fill="#171D44"
            />
            <path
              d="M312 24V120"
              stroke="#171D44"
            />
            <path
              d="M784 28H344C339.582 28 336 31.5817 336 36C336 40.4183 339.582 44 344 44H784C788.418 44 792 40.4183 792 36C792 31.5817 788.418 28 784 28Z"
              fill="#171D44"
            />
            <path
              d="M545 52H344C339.582 52 336 55.5817 336 60C336 64.4183 339.582 68 344 68H545C549.418 68 553 64.4183 553 60C553 55.5817 549.418 52 545 52Z"
              fill="#171D44"
            />
            <path
              d="M427 92H348C341.373 92 336 97.3726 336 104C336 110.627 341.373 116 348 116H427C433.627 116 439 110.627 439 104C439 97.3726 433.627 92 427 92Z"
              fill="#171D44"
            />
            <path
              d="M538 92H459C452.373 92 447 97.3726 447 104C447 110.627 452.373 116 459 116H538C544.627 116 550 110.627 550 104C550 97.3726 544.627 92 538 92Z"
              fill="#171D44"
            />
            <path
              d="M649 92H570C563.373 92 558 97.3726 558 104C558 110.627 563.373 116 570 116H649C655.627 116 661 110.627 661 104C661 97.3726 655.627 92 649 92Z"
              fill="#171D44"
            />
          </g>
        </g>
        <defs>
          <clippath
            id="clip0_2_24"
          >
            <rect
              fill="white"
              height="144"
              width="816"
            />
          </clippath>
        </defs>
      </svg>
    </div>
    <div
      class="relative w-full"
    >
      <svg
        class="relative w-full animate-pulse"
        fill="none"
        viewBox="0 0 816 144"
        xmlns="http://www.w3.org/2000/svg"
      >
        <g
          clip-path="url(#clip0_2_24)"
        >
          <mask
            height="144"
            id="mask0_2_24"
            maskUnits="userSpaceOnUse"
            width="816"
            x="0"
            y="0"
          >
            <path
              d="M800 0H16C7.16344 0 0 7.16344 0 16V128C0 136.837 7.16344 144 16 144H800C808.837 144 816 136.837 816 128V16C816 7.16344 808.837 0 800 0Z"
              fill="white"
            />
          </mask>
          <g
            mask="url(#mask0_2_24)"
          >
            <path
              d="M800 0H16C7.16344 0 0 7.16344 0 16V128C0 136.837 7.16344 144 16 144H800C808.837 144 816 136.837 816 128V16C816 7.16344 808.837 0 800 0Z"
              fill="#0E0D2E"
            />
            <path
              d="M60 22H36C28.268 22 22 28.268 22 36V60C22 67.732 28.268 74 36 74H60C67.732 74 74 67.732 74 60V36C74 28.268 67.732 22 60 22Z"
              fill="#171D44"
            />
            <path
              d="M60 22H36C28.268 22 22 28.268 22 36V60C22 67.732 28.268 74 36 74H60C67.732 74 74 67.732 74 60V36C74 28.268 67.732 22 60 22Z"
              stroke="#171D44"
              stroke-width="4"
            />
            <path
              d="M276 24H100C93.3726 24 88 29.3726 88 36C88 42.6274 93.3726 48 100 48H276C282.627 48 288 42.6274 288 36C288 29.3726 282.627 24 276 24Z"
              fill="#171D44"
            />
            <path
              d="M232 56H96C91.5817 56 88 59.5817 88 64C88 68.4183 91.5817 72 96 72H232C236.418 72 240 68.4183 240 64C240 59.5817 236.418 56 232 56Z"
              fill="#171D44"
            />
            <path
              d="M147 88H40C31.1634 88 24 95.1634 24 104C24 112.837 31.1634 120 40 120H147C155.837 120 163 112.837 163 104C163 95.1634 155.837 88 147 88Z"
              fill="#171D44"
            />
            <path
              d="M312 24V120"
              stroke="#171D44"
            />
            <path
              d="M784 28H344C339.582 28 336 31.5817 336 36C336 40.4183 339.582 44 344 44H784C788.418 44 792 40.4183 792 36C792 31.5817 788.418 28 784 28Z"
              fill="#171D44"
            />
            <path
              d="M545 52H344C339.582 52 336 55.5817 336 60C336 64.4183 339.582 68 344 68H545C549.418 68 553 64.4183 553 60C553 55.5817 549.418 52 545 52Z"
              fill="#171D44"
            />
            <path
              d="M427 92H348C341.373 92 336 97.3726 336 104C336 110.627 341.373 116 348 116H427C433.627 116 439 110.627 439 104C439 97.3726 433.627 92 427 92Z"
              fill="#171D44"
            />
            <path
              d="M538 92H459C452.373 92 447 97.3726 447 104C447 110.627 452.373 116 459 116H538C544.627 116 550 110.627 550 104C550 97.3726 544.627 92 538 92Z"
              fill="#171D44"
            />
            <path
              d="M649 92H570C563.373 92 558 97.3726 558 104C558 110.627 563.373 116 570 116H649C655.627 116 661 110.627 661 104C661 97.3726 655.627 92 649 92Z"
              fill="#171D44"
            />
          </g>
        </g>
        <defs>
          <clippath
            id="clip0_2_24"
          >
            <rect
              fill="white"
              height="144"
              width="816"
            />
          </clippath>
        </defs>
      </svg>
    </div>
    <div
      class="relative w-full"
    >
      <svg
        class="relative w-full animate-pulse"
        fill="none"
        viewBox="0 0 816 144"
        xmlns="http://www.w3.org/2000/svg"
      >
        <g
          clip-path="url(#clip0_2_24)"
        >
          <mask
            height="144"
            id="mask0_2_24"
            maskUnits="userSpaceOnUse"
            width="816"
            x="0"
            y="0"
          >
            <path
              d="M800 0H16C7.16344 0 0 7.16344 0 16V128C0 136.837 7.16344 144 16 144H800C808.837 144 816 136.837 816 128V16C816 7.16344 808.837 0 800 0Z"
              fill="white"
            />
          </mask>
          <g
            mask="url(#mask0_2_24)"
          >
            <path
              d="M800 0H16C7.16344 0 0 7.16344 0 16V128C0 136.837 7.16344 144 16 144H800C808.837 144 816 136.837 816 128V16C816 7.16344 808.837 0 800 0Z"
              fill="#0E0D2E"
            />
            <path
              d="M60 22H36C28.268 22 22 28.268 22 36V60C22 67.732 28.268 74 36 74H60C67.732 74 74 67.732 74 60V36C74 28.268 67.732 22 60 22Z"
              fill="#171D44"
            />
            <path
              d="M60 22H36C28.268 22 22 28.268 22 36V60C22 67.732 28.268 74 36 74H60C67.732 74 74 67.732 74 60V36C74 28.268 67.732 22 60 22Z"
              stroke="#171D44"
              stroke-width="4"
            />
            <path
              d="M276 24H100C93.3726 24 88 29.3726 88 36C88 42.6274 93.3726 48 100 48H276C282.627 48 288 42.6274 288 36C288 29.3726 282.627 24 276 24Z"
              fill="#171D44"
            />
            <path
              d="M232 56H96C91.5817 56 88 59.5817 88 64C88 68.4183 91.5817 72 96 72H232C236.418 72 240 68.4183 240 64C240 59.5817 236.418 56 232 56Z"
              fill="#171D44"
            />
            <path
              d="M147 88H40C31.1634 88 24 95.1634 24 104C24 112.837 31.1634 120 40 120H147C155.837 120 163 112.837 163 104C163 95.1634 155.837 88 147 88Z"
              fill="#171D44"
            />
            <path
              d="M312 24V120"
              stroke="#171D44"
            />
            <path
              d="M784 28H344C339.582 28 336 31.5817 336 36C336 40.4183 339.582 44 344 44H784C788.418 44 792 40.4183 792 36C792 31.5817 788.418 28 784 28Z"
              fill="#171D44"
            />
            <path
              d="M545 52H344C339.582 52 336 55.5817 336 60C336 64.4183 339.582 68 344 68H545C549.418 68 553 64.4183 553 60C553 55.5817 549.418 52 545 52Z"
              fill="#171D44"
            />
            <path
              d="M427 92H348C341.373 92 336 97.3726 336 104C336 110.627 341.373 116 348 116H427C433.627 116 439 110.627 439 104C439 97.3726 433.627 92 427 92Z"
              fill="#171D44"
            />
            <path
              d="M538 92H459C452.373 92 447 97.3726 447 104C447 110.627 452.373 116 459 116H538C544.627 116 550 110.627 550 104C550 97.3726 544.627 92 538 92Z"
              fill="#171D44"
            />
            <path
              d="M649 92H570C563.373 92 558 97.3726 558 104C558 110.627 563.373 116 570 116H649C655.627 116 661 110.627 661 104C661 97.3726 655.627 92 649 92Z"
              fill="#171D44"
            />
          </g>
        </g>
        <defs>
          <clippath
            id="clip0_2_24"
          >
            <rect
              fill="white"
              height="144"
              width="816"
            />
          </clippath>
        </defs>
      </svg>
    </div>
  </div>
</DocumentFragment>
`;
